// Validating benchmarks:
// ***** BenchmarkRunner: Start   *****
// ***** Found 5 benchmark(s) in total *****
// ***** Building 1 exe(s) in Parallel: Start   *****
// start dotnet  restore --nodeReuse:false /p:UseSharedCompilation=false /p:Deterministic=true /p:Optimize=true /p:ArtifactsPath="C:\Users\ian.chen\Desktop\EDA\SimpleEventBus\src\FluentEventBus.Benchmarks\bin\Release\net10.0\FluentEventBus.Benchmarks-ShortRun-1/" /p:OutDir="C:\Users\ian.chen\Desktop\EDA\SimpleEventBus\src\FluentEventBus.Benchmarks\bin\Release\net10.0\FluentEventBus.Benchmarks-ShortRun-1\bin\Release\net10.0/" /p:OutputPath="C:\Users\ian.chen\Desktop\EDA\SimpleEventBus\src\FluentEventBus.Benchmarks\bin\Release\net10.0\FluentEventBus.Benchmarks-ShortRun-1\bin\Release\net10.0/" /p:PublishDir="C:\Users\ian.chen\Desktop\EDA\SimpleEventBus\src\FluentEventBus.Benchmarks\bin\Release\net10.0\FluentEventBus.Benchmarks-ShortRun-1\publish/" in C:\Users\ian.chen\Desktop\EDA\SimpleEventBus\src\FluentEventBus.Benchmarks\bin\Release\net10.0\FluentEventBus.Benchmarks-ShortRun-1
// command took 2.59 sec and exited with 0
// start dotnet  build -c Release --no-restore --nodeReuse:false /p:UseSharedCompilation=false /p:Deterministic=true /p:Optimize=true /p:ArtifactsPath="C:\Users\ian.chen\Desktop\EDA\SimpleEventBus\src\FluentEventBus.Benchmarks\bin\Release\net10.0\FluentEventBus.Benchmarks-ShortRun-1/" /p:OutDir="C:\Users\ian.chen\Desktop\EDA\SimpleEventBus\src\FluentEventBus.Benchmarks\bin\Release\net10.0\FluentEventBus.Benchmarks-ShortRun-1\bin\Release\net10.0/" /p:OutputPath="C:\Users\ian.chen\Desktop\EDA\SimpleEventBus\src\FluentEventBus.Benchmarks\bin\Release\net10.0\FluentEventBus.Benchmarks-ShortRun-1\bin\Release\net10.0/" /p:PublishDir="C:\Users\ian.chen\Desktop\EDA\SimpleEventBus\src\FluentEventBus.Benchmarks\bin\Release\net10.0\FluentEventBus.Benchmarks-ShortRun-1\publish/" --output "C:\Users\ian.chen\Desktop\EDA\SimpleEventBus\src\FluentEventBus.Benchmarks\bin\Release\net10.0\FluentEventBus.Benchmarks-ShortRun-1\bin\Release\net10.0/" in C:\Users\ian.chen\Desktop\EDA\SimpleEventBus\src\FluentEventBus.Benchmarks\bin\Release\net10.0\FluentEventBus.Benchmarks-ShortRun-1
// command took 12.77 sec and exited with 0
// ***** Done, took 00:00:15 (15.47 sec)   *****
// Found 5 benchmarks:
//   EventBusBenchmarks.Publish_CorePipeline: ShortRun(IterationCount=3, LaunchCount=1, WarmupCount=3)
//   EventBusBenchmarks.Dispatch_SingleInterfaceHandler: ShortRun(IterationCount=3, LaunchCount=1, WarmupCount=3)
//   EventBusBenchmarks.Dispatch_DelegateHandler: ShortRun(IterationCount=3, LaunchCount=1, WarmupCount=3)
//   EventBusBenchmarks.Dispatch_ThreeHandlers: ShortRun(IterationCount=3, LaunchCount=1, WarmupCount=3)
//   EventBusBenchmarks.Registry_GetEventName: ShortRun(IterationCount=3, LaunchCount=1, WarmupCount=3)

Setup power plan (GUID: 8c5e7fda-e8bf-4a96-9a85-a6e23a8c635c FriendlyName: 高效能)
// **************************
// Benchmark: EventBusBenchmarks.Publish_CorePipeline: ShortRun(IterationCount=3, LaunchCount=1, WarmupCount=3)
// *** Execute ***
// Launch: 1 / 1
// Execute: dotnet FluentEventBus.Benchmarks-ShortRun-1.dll --anonymousPipes 2532 2484 --benchmarkName EventBusBenchmarks.Publish_CorePipeline --job ShortRun --benchmarkId 0 in C:\Users\ian.chen\Desktop\EDA\SimpleEventBus\src\FluentEventBus.Benchmarks\bin\Release\net10.0\FluentEventBus.Benchmarks-ShortRun-1\bin\Release\net10.0
// BeforeAnythingElse

// Benchmark Process Environment Information:
// BenchmarkDotNet v0.15.4
// Runtime=.NET 10.0.12 (10.0.12, 10.0.1226.42308), X64 RyuJIT x86-64-v4
// GC=Concurrent Workstation
// HardwareIntrinsics=AVX512 BITALG+VBMI2+VNNI+VPOPCNTDQ,AVX512 IFMA+VBMI,AVX512 F+BW+CD+DQ+VL,AVX2+BMI1+BMI2+F16C+FMA+LZCNT+MOVBE,AVX,SSE3+SSSE3+SSE4.1+SSE4.2+POPCNT,X86Base+SSE+SSE2,AES+PCLMUL VectorSize=256
// Job: ShortRun(IterationCount=3, LaunchCount=1, WarmupCount=3)

OverheadJitting  1: 1 op, 154700.00 ns, 154.7000 us/op
WorkloadJitting  1: 1 op, 32697000.00 ns, 32.6970 ms/op

OverheadJitting  2: 16 op, 193500.00 ns, 12.0938 us/op
WorkloadJitting  2: 16 op, 463100.00 ns, 28.9438 us/op

WorkloadPilot    1: 16 op, 52300.00 ns, 3.2688 us/op
WorkloadPilot    2: 32 op, 95700.00 ns, 2.9906 us/op
WorkloadPilot    3: 64 op, 74400.00 ns, 1.1625 us/op
WorkloadPilot    4: 128 op, 151200.00 ns, 1.1813 us/op
WorkloadPilot    5: 256 op, 270000.00 ns, 1.0547 us/op
WorkloadPilot    6: 512 op, 572500.00 ns, 1.1182 us/op
WorkloadPilot    7: 1024 op, 1037500.00 ns, 1.0132 us/op
WorkloadPilot    8: 2048 op, 2805800.00 ns, 1.3700 us/op
WorkloadPilot    9: 4096 op, 4741800.00 ns, 1.1577 us/op
WorkloadPilot   10: 8192 op, 9478100.00 ns, 1.1570 us/op
WorkloadPilot   11: 16384 op, 18245400.00 ns, 1.1136 us/op
WorkloadPilot   12: 32768 op, 33530700.00 ns, 1.0233 us/op
WorkloadPilot   13: 65536 op, 65503900.00 ns, 999.5102 ns/op
WorkloadPilot   14: 131072 op, 140328500.00 ns, 1.0706 us/op
WorkloadPilot   15: 262144 op, 247281400.00 ns, 943.3037 ns/op
WorkloadPilot   16: 524288 op, 244355900.00 ns, 466.0719 ns/op
WorkloadPilot   17: 1048576 op, 314469000.00 ns, 299.9010 ns/op
WorkloadPilot   18: 2097152 op, 632249200.00 ns, 301.4799 ns/op

OverheadWarmup   1: 2097152 op, 3897300.00 ns, 1.8584 ns/op
OverheadWarmup   2: 2097152 op, 3695300.00 ns, 1.7621 ns/op
OverheadWarmup   3: 2097152 op, 3573600.00 ns, 1.7040 ns/op
OverheadWarmup   4: 2097152 op, 3259900.00 ns, 1.5544 ns/op
OverheadWarmup   5: 2097152 op, 3250400.00 ns, 1.5499 ns/op
OverheadWarmup   6: 2097152 op, 3268700.00 ns, 1.5586 ns/op
OverheadWarmup   7: 2097152 op, 3313700.00 ns, 1.5801 ns/op
OverheadWarmup   8: 2097152 op, 3236300.00 ns, 1.5432 ns/op
OverheadWarmup   9: 2097152 op, 3425100.00 ns, 1.6332 ns/op
OverheadWarmup  10: 2097152 op, 3591100.00 ns, 1.7124 ns/op

OverheadActual   1: 2097152 op, 3608500.00 ns, 1.7207 ns/op
OverheadActual   2: 2097152 op, 3354300.00 ns, 1.5995 ns/op
OverheadActual   3: 2097152 op, 3363000.00 ns, 1.6036 ns/op
OverheadActual   4: 2097152 op, 3194700.00 ns, 1.5234 ns/op
OverheadActual   5: 2097152 op, 4649500.00 ns, 2.2171 ns/op
OverheadActual   6: 2097152 op, 3715600.00 ns, 1.7717 ns/op
OverheadActual   7: 2097152 op, 3251200.00 ns, 1.5503 ns/op
OverheadActual   8: 2097152 op, 3311500.00 ns, 1.5790 ns/op
OverheadActual   9: 2097152 op, 3269200.00 ns, 1.5589 ns/op
OverheadActual  10: 2097152 op, 3719200.00 ns, 1.7735 ns/op
OverheadActual  11: 2097152 op, 3671100.00 ns, 1.7505 ns/op
OverheadActual  12: 2097152 op, 3246500.00 ns, 1.5481 ns/op
OverheadActual  13: 2097152 op, 3264700.00 ns, 1.5567 ns/op
OverheadActual  14: 2097152 op, 3661600.00 ns, 1.7460 ns/op
OverheadActual  15: 2097152 op, 3670000.00 ns, 1.7500 ns/op
OverheadActual  16: 2097152 op, 3680400.00 ns, 1.7550 ns/op
OverheadActual  17: 2097152 op, 3485500.00 ns, 1.6620 ns/op
OverheadActual  18: 2097152 op, 3260300.00 ns, 1.5546 ns/op
OverheadActual  19: 2097152 op, 3476200.00 ns, 1.6576 ns/op
OverheadActual  20: 2097152 op, 3146900.00 ns, 1.5006 ns/op

WorkloadWarmup   1: 2097152 op, 609657900.00 ns, 290.7075 ns/op
WorkloadWarmup   2: 2097152 op, 689247100.00 ns, 328.6586 ns/op
WorkloadWarmup   3: 2097152 op, 690646600.00 ns, 329.3260 ns/op

// BeforeActualRun
WorkloadActual   1: 2097152 op, 647476600.00 ns, 308.7409 ns/op
WorkloadActual   2: 2097152 op, 653013600.00 ns, 311.3811 ns/op
WorkloadActual   3: 2097152 op, 648527600.00 ns, 309.2421 ns/op

// AfterActualRun
WorkloadResult   1: 2097152 op, 644057000.00 ns, 307.1103 ns/op
WorkloadResult   2: 2097152 op, 649594000.00 ns, 309.7506 ns/op
WorkloadResult   3: 2097152 op, 645108000.00 ns, 307.6115 ns/op
// GC:  154 0 0 1291862040 2097152
// Threading:  0 0 2097152

// AfterAll
// Benchmark Process 24344 has exited with code 0.

Mean = 308.157 ns, StdErr = 0.810 ns (0.26%), N = 3, StdDev = 1.402 ns
Min = 307.110 ns, Q1 = 307.361 ns, Median = 307.611 ns, Q3 = 308.681 ns, Max = 309.751 ns
IQR = 1.320 ns, LowerFence = 305.381 ns, UpperFence = 310.661 ns
ConfidenceInterval = [282.575 ns; 333.740 ns] (CI 99.9%), Margin = 25.582 ns (8.30% of Mean)
Skewness = 0.33, Kurtosis = 0.67, MValue = 2

// ** Remained 4 (80.0%) benchmark(s) to run. Estimated finish 2026-09-23 16:05 (0h 0m from now) **
Setup power plan (GUID: 8c5e7fda-e8bf-4a96-9a85-a6e23a8c635c FriendlyName: 高效能)
// **************************
// Benchmark: EventBusBenchmarks.Dispatch_SingleInterfaceHandler: ShortRun(IterationCount=3, LaunchCount=1, WarmupCount=3)
// *** Execute ***
// Launch: 1 / 1
// Execute: dotnet FluentEventBus.Benchmarks-ShortRun-1.dll --anonymousPipes 2496 2536 --benchmarkName EventBusBenchmarks.Dispatch_SingleInterfaceHandler --job ShortRun --benchmarkId 1 in C:\Users\ian.chen\Desktop\EDA\SimpleEventBus\src\FluentEventBus.Benchmarks\bin\Release\net10.0\FluentEventBus.Benchmarks-ShortRun-1\bin\Release\net10.0
// BeforeAnythingElse

// Benchmark Process Environment Information:
// BenchmarkDotNet v0.15.4
// Runtime=.NET 10.0.12 (10.0.12, 10.0.1226.42308), X64 RyuJIT x86-64-v4
// GC=Concurrent Workstation
// HardwareIntrinsics=AVX512 BITALG+VBMI2+VNNI+VPOPCNTDQ,AVX512 IFMA+VBMI,AVX512 F+BW+CD+DQ+VL,AVX2+BMI1+BMI2+F16C+FMA+LZCNT+MOVBE,AVX,SSE3+SSSE3+SSE4.1+SSE4.2+POPCNT,X86Base+SSE+SSE2,AES+PCLMUL VectorSize=256
// Job: ShortRun(IterationCount=3, LaunchCount=1, WarmupCount=3)

OverheadJitting  1: 1 op, 172900.00 ns, 172.9000 us/op
WorkloadJitting  1: 1 op, 12482300.00 ns, 12.4823 ms/op

OverheadJitting  2: 16 op, 235300.00 ns, 14.7063 us/op
WorkloadJitting  2: 16 op, 2243500.00 ns, 140.2188 us/op

WorkloadPilot    1: 16 op, 1305400.00 ns, 81.5875 us/op
WorkloadPilot    2: 32 op, 39400.00 ns, 1.2313 us/op
WorkloadPilot    3: 64 op, 56600.00 ns, 884.3750 ns/op
WorkloadPilot    4: 128 op, 170400.00 ns, 1.3313 us/op
WorkloadPilot    5: 256 op, 206200.00 ns, 805.4688 ns/op
WorkloadPilot    6: 512 op, 470200.00 ns, 918.3594 ns/op
WorkloadPilot    7: 1024 op, 746700.00 ns, 729.1992 ns/op
WorkloadPilot    8: 2048 op, 1393600.00 ns, 680.4688 ns/op
WorkloadPilot    9: 4096 op, 3244000.00 ns, 791.9922 ns/op
WorkloadPilot   10: 8192 op, 5843000.00 ns, 713.2568 ns/op
WorkloadPilot   11: 16384 op, 13654100.00 ns, 833.3801 ns/op
WorkloadPilot   12: 32768 op, 22256100.00 ns, 679.2023 ns/op
WorkloadPilot   13: 65536 op, 43839500.00 ns, 668.9377 ns/op
WorkloadPilot   14: 131072 op, 83639500.00 ns, 638.1187 ns/op
WorkloadPilot   15: 262144 op, 101236500.00 ns, 386.1866 ns/op
WorkloadPilot   16: 524288 op, 78165400.00 ns, 149.0887 ns/op
WorkloadPilot   17: 1048576 op, 160132400.00 ns, 152.7142 ns/op
WorkloadPilot   18: 2097152 op, 311207800.00 ns, 148.3954 ns/op
WorkloadPilot   19: 4194304 op, 616553400.00 ns, 146.9978 ns/op

OverheadWarmup   1: 4194304 op, 6718800.00 ns, 1.6019 ns/op
OverheadWarmup   2: 4194304 op, 7094400.00 ns, 1.6914 ns/op
OverheadWarmup   3: 4194304 op, 6518500.00 ns, 1.5541 ns/op
OverheadWarmup   4: 4194304 op, 7202700.00 ns, 1.7173 ns/op
OverheadWarmup   5: 4194304 op, 6787700.00 ns, 1.6183 ns/op

OverheadActual   1: 4194304 op, 7051500.00 ns, 1.6812 ns/op
OverheadActual   2: 4194304 op, 6547500.00 ns, 1.5610 ns/op
OverheadActual   3: 4194304 op, 7127600.00 ns, 1.6994 ns/op
OverheadActual   4: 4194304 op, 6616200.00 ns, 1.5774 ns/op
OverheadActual   5: 4194304 op, 6993600.00 ns, 1.6674 ns/op
OverheadActual   6: 4194304 op, 6511000.00 ns, 1.5523 ns/op
OverheadActual   7: 4194304 op, 6698000.00 ns, 1.5969 ns/op
OverheadActual   8: 4194304 op, 6507900.00 ns, 1.5516 ns/op
OverheadActual   9: 4194304 op, 6840300.00 ns, 1.6309 ns/op
OverheadActual  10: 4194304 op, 6595200.00 ns, 1.5724 ns/op
OverheadActual  11: 4194304 op, 6517700.00 ns, 1.5539 ns/op
OverheadActual  12: 4194304 op, 6614700.00 ns, 1.5771 ns/op
OverheadActual  13: 4194304 op, 6621500.00 ns, 1.5787 ns/op
OverheadActual  14: 4194304 op, 6550300.00 ns, 1.5617 ns/op
OverheadActual  15: 4194304 op, 6622000.00 ns, 1.5788 ns/op

WorkloadWarmup   1: 4194304 op, 612066400.00 ns, 145.9280 ns/op
WorkloadWarmup   2: 4194304 op, 561577300.00 ns, 133.8905 ns/op
WorkloadWarmup   3: 4194304 op, 582427700.00 ns, 138.8616 ns/op

// BeforeActualRun
WorkloadActual   1: 4194304 op, 573323500.00 ns, 136.6910 ns/op
WorkloadActual   2: 4194304 op, 591276000.00 ns, 140.9712 ns/op
WorkloadActual   3: 4194304 op, 635091500.00 ns, 151.4176 ns/op

// AfterActualRun
WorkloadResult   1: 4194304 op, 566707300.00 ns, 135.1135 ns/op
WorkloadResult   2: 4194304 op, 584659800.00 ns, 139.3938 ns/op
WorkloadResult   3: 4194304 op, 628475300.00 ns, 149.8402 ns/op
// GC:  244 0 0 2046873272 4194304
// Threading:  0 0 4194304

// AfterAll
// Benchmark Process 42268 has exited with code 0.

Mean = 141.449 ns, StdErr = 4.374 ns (3.09%), N = 3, StdDev = 7.575 ns
Min = 135.114 ns, Q1 = 137.254 ns, Median = 139.394 ns, Q3 = 144.617 ns, Max = 149.840 ns
IQR = 7.363 ns, LowerFence = 126.209 ns, UpperFence = 155.662 ns
ConfidenceInterval = [3.245 ns; 279.653 ns] (CI 99.9%), Margin = 138.204 ns (97.71% of Mean)
Skewness = 0.25, Kurtosis = 0.67, MValue = 2

// ** Remained 3 (60.0%) benchmark(s) to run. Estimated finish 2026-09-23 16:05 (0h 0m from now) **
Setup power plan (GUID: 8c5e7fda-e8bf-4a96-9a85-a6e23a8c635c FriendlyName: 高效能)
// **************************
// Benchmark: EventBusBenchmarks.Dispatch_DelegateHandler: ShortRun(IterationCount=3, LaunchCount=1, WarmupCount=3)
// *** Execute ***
// Launch: 1 / 1
// Execute: dotnet FluentEventBus.Benchmarks-ShortRun-1.dll --anonymousPipes 2516 2044 --benchmarkName EventBusBenchmarks.Dispatch_DelegateHandler --job ShortRun --benchmarkId 2 in C:\Users\ian.chen\Desktop\EDA\SimpleEventBus\src\FluentEventBus.Benchmarks\bin\Release\net10.0\FluentEventBus.Benchmarks-ShortRun-1\bin\Release\net10.0
// BeforeAnythingElse

// Benchmark Process Environment Information:
// BenchmarkDotNet v0.15.4
// Runtime=.NET 10.0.12 (10.0.12, 10.0.1226.42308), X64 RyuJIT x86-64-v4
// GC=Concurrent Workstation
// HardwareIntrinsics=AVX512 BITALG+VBMI2+VNNI+VPOPCNTDQ,AVX512 IFMA+VBMI,AVX512 F+BW+CD+DQ+VL,AVX2+BMI1+BMI2+F16C+FMA+LZCNT+MOVBE,AVX,SSE3+SSSE3+SSE4.1+SSE4.2+POPCNT,X86Base+SSE+SSE2,AES+PCLMUL VectorSize=256
// Job: ShortRun(IterationCount=3, LaunchCount=1, WarmupCount=3)

OverheadJitting  1: 1 op, 122900.00 ns, 122.9000 us/op
WorkloadJitting  1: 1 op, 7695300.00 ns, 7.6953 ms/op

OverheadJitting  2: 16 op, 176500.00 ns, 11.0313 us/op
WorkloadJitting  2: 16 op, 416800.00 ns, 26.0500 us/op

WorkloadPilot    1: 16 op, 70800.00 ns, 4.4250 us/op
WorkloadPilot    2: 32 op, 73100.00 ns, 2.2844 us/op
WorkloadPilot    3: 64 op, 100400.00 ns, 1.5688 us/op
WorkloadPilot    4: 128 op, 187200.00 ns, 1.4625 us/op
WorkloadPilot    5: 256 op, 372300.00 ns, 1.4543 us/op
WorkloadPilot    6: 512 op, 695300.00 ns, 1.3580 us/op
WorkloadPilot    7: 1024 op, 1440400.00 ns, 1.4066 us/op
WorkloadPilot    8: 2048 op, 2941700.00 ns, 1.4364 us/op
WorkloadPilot    9: 4096 op, 6093500.00 ns, 1.4877 us/op
WorkloadPilot   10: 8192 op, 12448900.00 ns, 1.5196 us/op
WorkloadPilot   11: 16384 op, 27913900.00 ns, 1.7037 us/op
WorkloadPilot   12: 32768 op, 52476800.00 ns, 1.6015 us/op
WorkloadPilot   13: 65536 op, 141841200.00 ns, 2.1643 us/op
WorkloadPilot   14: 131072 op, 137406500.00 ns, 1.0483 us/op
WorkloadPilot   15: 262144 op, 202858700.00 ns, 773.8445 ns/op
WorkloadPilot   16: 524288 op, 391956900.00 ns, 747.5985 ns/op
WorkloadPilot   17: 1048576 op, 808559200.00 ns, 771.1021 ns/op

OverheadWarmup   1: 1048576 op, 1621300.00 ns, 1.5462 ns/op
OverheadWarmup   2: 1048576 op, 1608700.00 ns, 1.5342 ns/op
OverheadWarmup   3: 1048576 op, 1609500.00 ns, 1.5349 ns/op
OverheadWarmup   4: 1048576 op, 2007600.00 ns, 1.9146 ns/op
OverheadWarmup   5: 1048576 op, 1864700.00 ns, 1.7783 ns/op
OverheadWarmup   6: 1048576 op, 1641600.00 ns, 1.5656 ns/op
OverheadWarmup   7: 1048576 op, 1600800.00 ns, 1.5266 ns/op
OverheadWarmup   8: 1048576 op, 1617800.00 ns, 1.5429 ns/op
OverheadWarmup   9: 1048576 op, 1609200.00 ns, 1.5347 ns/op

OverheadActual   1: 1048576 op, 1612900.00 ns, 1.5382 ns/op
OverheadActual   2: 1048576 op, 2110100.00 ns, 2.0123 ns/op
OverheadActual   3: 1048576 op, 3024700.00 ns, 2.8846 ns/op
OverheadActual   4: 1048576 op, 1650000.00 ns, 1.5736 ns/op
OverheadActual   5: 1048576 op, 1721000.00 ns, 1.6413 ns/op
OverheadActual   6: 1048576 op, 1669200.00 ns, 1.5919 ns/op
OverheadActual   7: 1048576 op, 1618800.00 ns, 1.5438 ns/op
OverheadActual   8: 1048576 op, 1625100.00 ns, 1.5498 ns/op
OverheadActual   9: 1048576 op, 1639000.00 ns, 1.5631 ns/op
OverheadActual  10: 1048576 op, 1634300.00 ns, 1.5586 ns/op
OverheadActual  11: 1048576 op, 1616900.00 ns, 1.5420 ns/op
OverheadActual  12: 1048576 op, 1838600.00 ns, 1.7534 ns/op
OverheadActual  13: 1048576 op, 1617300.00 ns, 1.5424 ns/op
OverheadActual  14: 1048576 op, 1617100.00 ns, 1.5422 ns/op
OverheadActual  15: 1048576 op, 1627600.00 ns, 1.5522 ns/op

WorkloadWarmup   1: 1048576 op, 802523100.00 ns, 765.3457 ns/op
WorkloadWarmup   2: 1048576 op, 784188900.00 ns, 747.8608 ns/op
WorkloadWarmup   3: 1048576 op, 762431500.00 ns, 727.1113 ns/op

// BeforeActualRun
WorkloadActual   1: 1048576 op, 761877200.00 ns, 726.5827 ns/op
WorkloadActual   2: 1048576 op, 771716400.00 ns, 735.9661 ns/op
WorkloadActual   3: 1048576 op, 760201600.00 ns, 724.9847 ns/op

// AfterActualRun
WorkloadResult   1: 1048576 op, 760242900.00 ns, 725.0241 ns/op
WorkloadResult   2: 1048576 op, 770082100.00 ns, 734.4075 ns/op
WorkloadResult   3: 1048576 op, 758567300.00 ns, 723.4262 ns/op
// GC:  55 0 0 461385536 1048576
// Threading:  0 0 1048576

// AfterAll
// Benchmark Process 18308 has exited with code 0.

Mean = 727.619 ns, StdErr = 3.425 ns (0.47%), N = 3, StdDev = 5.933 ns
Min = 723.426 ns, Q1 = 724.225 ns, Median = 725.024 ns, Q3 = 729.716 ns, Max = 734.408 ns
IQR = 5.491 ns, LowerFence = 715.989 ns, UpperFence = 737.952 ns
ConfidenceInterval = [619.382 ns; 835.856 ns] (CI 99.9%), Margin = 108.237 ns (14.88% of Mean)
Skewness = 0.35, Kurtosis = 0.67, MValue = 2

// ** Remained 2 (40.0%) benchmark(s) to run. Estimated finish 2026-09-23 16:05 (0h 0m from now) **
Setup power plan (GUID: 8c5e7fda-e8bf-4a96-9a85-a6e23a8c635c FriendlyName: 高效能)
// **************************
// Benchmark: EventBusBenchmarks.Dispatch_ThreeHandlers: ShortRun(IterationCount=3, LaunchCount=1, WarmupCount=3)
// *** Execute ***
// Launch: 1 / 1
// Execute: dotnet FluentEventBus.Benchmarks-ShortRun-1.dll --anonymousPipes 1992 2496 --benchmarkName EventBusBenchmarks.Dispatch_ThreeHandlers --job ShortRun --benchmarkId 3 in C:\Users\ian.chen\Desktop\EDA\SimpleEventBus\src\FluentEventBus.Benchmarks\bin\Release\net10.0\FluentEventBus.Benchmarks-ShortRun-1\bin\Release\net10.0
// BeforeAnythingElse

// Benchmark Process Environment Information:
// BenchmarkDotNet v0.15.4
// Runtime=.NET 10.0.12 (10.0.12, 10.0.1226.42308), X64 RyuJIT x86-64-v4
// GC=Concurrent Workstation
// HardwareIntrinsics=AVX512 BITALG+VBMI2+VNNI+VPOPCNTDQ,AVX512 IFMA+VBMI,AVX512 F+BW+CD+DQ+VL,AVX2+BMI1+BMI2+F16C+FMA+LZCNT+MOVBE,AVX,SSE3+SSSE3+SSE4.1+SSE4.2+POPCNT,X86Base+SSE+SSE2,AES+PCLMUL VectorSize=256
// Job: ShortRun(IterationCount=3, LaunchCount=1, WarmupCount=3)

OverheadJitting  1: 1 op, 123400.00 ns, 123.4000 us/op
WorkloadJitting  1: 1 op, 12472900.00 ns, 12.4729 ms/op

OverheadJitting  2: 16 op, 158600.00 ns, 9.9125 us/op
WorkloadJitting  2: 16 op, 2179900.00 ns, 136.2438 us/op

WorkloadPilot    1: 16 op, 856000.00 ns, 53.5000 us/op
WorkloadPilot    2: 32 op, 187800.00 ns, 5.8688 us/op
WorkloadPilot    3: 64 op, 373500.00 ns, 5.8359 us/op
WorkloadPilot    4: 128 op, 771600.00 ns, 6.0281 us/op
WorkloadPilot    5: 256 op, 784000.00 ns, 3.0625 us/op
WorkloadPilot    6: 512 op, 1952400.00 ns, 3.8133 us/op
WorkloadPilot    7: 1024 op, 3906800.00 ns, 3.8152 us/op
WorkloadPilot    8: 2048 op, 9131200.00 ns, 4.4586 us/op
WorkloadPilot    9: 4096 op, 14909400.00 ns, 3.6400 us/op
WorkloadPilot   10: 8192 op, 24565600.00 ns, 2.9987 us/op
WorkloadPilot   11: 16384 op, 51678800.00 ns, 3.1542 us/op
WorkloadPilot   12: 32768 op, 102271000.00 ns, 3.1211 us/op
WorkloadPilot   13: 65536 op, 248503500.00 ns, 3.7919 us/op
WorkloadPilot   14: 131072 op, 504894000.00 ns, 3.8520 us/op

OverheadWarmup   1: 131072 op, 204900.00 ns, 1.5633 ns/op
OverheadWarmup   2: 131072 op, 203500.00 ns, 1.5526 ns/op
OverheadWarmup   3: 131072 op, 292900.00 ns, 2.2346 ns/op
OverheadWarmup   4: 131072 op, 195500.00 ns, 1.4915 ns/op
OverheadWarmup   5: 131072 op, 273300.00 ns, 2.0851 ns/op
OverheadWarmup   6: 131072 op, 207000.00 ns, 1.5793 ns/op

OverheadActual   1: 131072 op, 198600.00 ns, 1.5152 ns/op
OverheadActual   2: 131072 op, 200200.00 ns, 1.5274 ns/op
OverheadActual   3: 131072 op, 201000.00 ns, 1.5335 ns/op
OverheadActual   4: 131072 op, 199500.00 ns, 1.5221 ns/op
OverheadActual   5: 131072 op, 199900.00 ns, 1.5251 ns/op
OverheadActual   6: 131072 op, 198300.00 ns, 1.5129 ns/op
OverheadActual   7: 131072 op, 195200.00 ns, 1.4893 ns/op
OverheadActual   8: 131072 op, 195200.00 ns, 1.4893 ns/op
OverheadActual   9: 131072 op, 267600.00 ns, 2.0416 ns/op
OverheadActual  10: 131072 op, 195400.00 ns, 1.4908 ns/op
OverheadActual  11: 131072 op, 195300.00 ns, 1.4900 ns/op
OverheadActual  12: 131072 op, 295300.00 ns, 2.2530 ns/op
OverheadActual  13: 131072 op, 864200.00 ns, 6.5933 ns/op
OverheadActual  14: 131072 op, 214400.00 ns, 1.6357 ns/op
OverheadActual  15: 131072 op, 204000.00 ns, 1.5564 ns/op

WorkloadWarmup   1: 131072 op, 433933300.00 ns, 3.3106 us/op
WorkloadWarmup   2: 131072 op, 303649300.00 ns, 2.3167 us/op
WorkloadWarmup   3: 131072 op, 319270000.00 ns, 2.4358 us/op

// BeforeActualRun
WorkloadActual   1: 131072 op, 273537700.00 ns, 2.0869 us/op
WorkloadActual   2: 131072 op, 325814300.00 ns, 2.4858 us/op
WorkloadActual   3: 131072 op, 284800000.00 ns, 2.1729 us/op

// AfterActualRun
WorkloadResult   1: 131072 op, 273337800.00 ns, 2.0854 us/op
WorkloadResult   2: 131072 op, 325614400.00 ns, 2.4842 us/op
WorkloadResult   3: 131072 op, 284600100.00 ns, 2.1713 us/op
// GC:  30 0 0 254039112 131072
// Threading:  529357 47 131072

// AfterAll
// Benchmark Process 28472 has exited with code 0.

Mean = 2.247 μs, StdErr = 0.121 μs (5.39%), N = 3, StdDev = 0.210 μs
Min = 2.085 μs, Q1 = 2.128 μs, Median = 2.171 μs, Q3 = 2.328 μs, Max = 2.484 μs
IQR = 0.199 μs, LowerFence = 1.829 μs, UpperFence = 2.627 μs
ConfidenceInterval = [-1.583 μs; 6.077 μs] (CI 99.9%), Margin = 3.830 μs (170.43% of Mean)
Skewness = 0.31, Kurtosis = 0.67, MValue = 2

// ** Remained 1 (20.0%) benchmark(s) to run. Estimated finish 2026-09-23 16:05 (0h 0m from now) **
Setup power plan (GUID: 8c5e7fda-e8bf-4a96-9a85-a6e23a8c635c FriendlyName: 高效能)
// **************************
// Benchmark: EventBusBenchmarks.Registry_GetEventName: ShortRun(IterationCount=3, LaunchCount=1, WarmupCount=3)
// *** Execute ***
// Launch: 1 / 1
// Execute: dotnet FluentEventBus.Benchmarks-ShortRun-1.dll --anonymousPipes 2520 2484 --benchmarkName EventBusBenchmarks.Registry_GetEventName --job ShortRun --benchmarkId 4 in C:\Users\ian.chen\Desktop\EDA\SimpleEventBus\src\FluentEventBus.Benchmarks\bin\Release\net10.0\FluentEventBus.Benchmarks-ShortRun-1\bin\Release\net10.0
// BeforeAnythingElse

// Benchmark Process Environment Information:
// BenchmarkDotNet v0.15.4
// Runtime=.NET 10.0.12 (10.0.12, 10.0.1226.42308), X64 RyuJIT x86-64-v4
// GC=Concurrent Workstation
// HardwareIntrinsics=AVX512 BITALG+VBMI2+VNNI+VPOPCNTDQ,AVX512 IFMA+VBMI,AVX512 F+BW+CD+DQ+VL,AVX2+BMI1+BMI2+F16C+FMA+LZCNT+MOVBE,AVX,SSE3+SSSE3+SSE4.1+SSE4.2+POPCNT,X86Base+SSE+SSE2,AES+PCLMUL VectorSize=256
// Job: ShortRun(IterationCount=3, LaunchCount=1, WarmupCount=3)

OverheadJitting  1: 1 op, 163100.00 ns, 163.1000 us/op
WorkloadJitting  1: 1 op, 313600.00 ns, 313.6000 us/op

OverheadJitting  2: 16 op, 570500.00 ns, 35.6563 us/op
WorkloadJitting  2: 16 op, 431200.00 ns, 26.9500 us/op

WorkloadPilot    1: 16 op, 3000.00 ns, 187.5000 ns/op
WorkloadPilot    2: 32 op, 1600.00 ns, 50.0000 ns/op
WorkloadPilot    3: 64 op, 1500.00 ns, 23.4375 ns/op
WorkloadPilot    4: 128 op, 2100.00 ns, 16.4063 ns/op
WorkloadPilot    5: 256 op, 3000.00 ns, 11.7188 ns/op
WorkloadPilot    6: 512 op, 5600.00 ns, 10.9375 ns/op
WorkloadPilot    7: 1024 op, 10700.00 ns, 10.4492 ns/op
WorkloadPilot    8: 2048 op, 21100.00 ns, 10.3027 ns/op
WorkloadPilot    9: 4096 op, 42700.00 ns, 10.4248 ns/op
WorkloadPilot   10: 8192 op, 85700.00 ns, 10.4614 ns/op
WorkloadPilot   11: 16384 op, 167100.00 ns, 10.1990 ns/op
WorkloadPilot   12: 32768 op, 340500.00 ns, 10.3912 ns/op
WorkloadPilot   13: 65536 op, 1033200.00 ns, 15.7654 ns/op
WorkloadPilot   14: 131072 op, 1369700.00 ns, 10.4500 ns/op
WorkloadPilot   15: 262144 op, 2748700.00 ns, 10.4855 ns/op
WorkloadPilot   16: 524288 op, 5570000.00 ns, 10.6239 ns/op
WorkloadPilot   17: 1048576 op, 10987100.00 ns, 10.4781 ns/op
WorkloadPilot   18: 2097152 op, 22487500.00 ns, 10.7229 ns/op
WorkloadPilot   19: 4194304 op, 44448900.00 ns, 10.5974 ns/op
WorkloadPilot   20: 8388608 op, 67038400.00 ns, 7.9916 ns/op
WorkloadPilot   21: 16777216 op, 91182400.00 ns, 5.4349 ns/op
WorkloadPilot   22: 33554432 op, 187243400.00 ns, 5.5803 ns/op
WorkloadPilot   23: 67108864 op, 367768300.00 ns, 5.4802 ns/op
WorkloadPilot   24: 134217728 op, 733035200.00 ns, 5.4615 ns/op

OverheadWarmup   1: 134217728 op, 370129600.00 ns, 2.7577 ns/op
OverheadWarmup   2: 134217728 op, 287506300.00 ns, 2.1421 ns/op
OverheadWarmup   3: 134217728 op, 295037200.00 ns, 2.1982 ns/op
OverheadWarmup   4: 134217728 op, 274468500.00 ns, 2.0449 ns/op
OverheadWarmup   5: 134217728 op, 280982000.00 ns, 2.0935 ns/op
OverheadWarmup   6: 134217728 op, 280378100.00 ns, 2.0890 ns/op

OverheadActual   1: 134217728 op, 279931500.00 ns, 2.0857 ns/op
OverheadActual   2: 134217728 op, 284152200.00 ns, 2.1171 ns/op
OverheadActual   3: 134217728 op, 274383200.00 ns, 2.0443 ns/op
OverheadActual   4: 134217728 op, 276366400.00 ns, 2.0591 ns/op
OverheadActual   5: 134217728 op, 278425400.00 ns, 2.0744 ns/op
OverheadActual   6: 134217728 op, 281524600.00 ns, 2.0975 ns/op
OverheadActual   7: 134217728 op, 274864900.00 ns, 2.0479 ns/op
OverheadActual   8: 134217728 op, 275808100.00 ns, 2.0549 ns/op
OverheadActual   9: 134217728 op, 280975200.00 ns, 2.0934 ns/op
OverheadActual  10: 134217728 op, 282012400.00 ns, 2.1012 ns/op
OverheadActual  11: 134217728 op, 283652200.00 ns, 2.1134 ns/op
OverheadActual  12: 134217728 op, 276102200.00 ns, 2.0571 ns/op
OverheadActual  13: 134217728 op, 278216400.00 ns, 2.0729 ns/op
OverheadActual  14: 134217728 op, 272607100.00 ns, 2.0311 ns/op
OverheadActual  15: 134217728 op, 280468500.00 ns, 2.0897 ns/op

WorkloadWarmup   1: 134217728 op, 816769900.00 ns, 6.0854 ns/op
WorkloadWarmup   2: 134217728 op, 752815800.00 ns, 5.6089 ns/op
WorkloadWarmup   3: 134217728 op, 744987800.00 ns, 5.5506 ns/op

// BeforeActualRun
WorkloadActual   1: 134217728 op, 736039000.00 ns, 5.4839 ns/op
WorkloadActual   2: 134217728 op, 760230500.00 ns, 5.6642 ns/op
WorkloadActual   3: 134217728 op, 754745200.00 ns, 5.6233 ns/op

// AfterActualRun
WorkloadResult   1: 134217728 op, 457613600.00 ns, 3.4095 ns/op
WorkloadResult   2: 134217728 op, 481805100.00 ns, 3.5897 ns/op
WorkloadResult   3: 134217728 op, 476319800.00 ns, 3.5489 ns/op
// GC:  0 0 0 0 134217728
// Threading:  0 0 134217728

// AfterAll
// Benchmark Process 27368 has exited with code 0.

Mean = 3.516 ns, StdErr = 0.055 ns (1.55%), N = 3, StdDev = 0.095 ns
Min = 3.409 ns, Q1 = 3.479 ns, Median = 3.549 ns, Q3 = 3.569 ns, Max = 3.590 ns
IQR = 0.090 ns, LowerFence = 3.344 ns, UpperFence = 3.704 ns
ConfidenceInterval = [1.792 ns; 5.240 ns] (CI 99.9%), Margin = 1.724 ns (49.03% of Mean)
Skewness = -0.31, Kurtosis = 0.67, MValue = 2

// ** Remained 0 (0.0%) benchmark(s) to run. Estimated finish 2026-09-23 16:05 (0h 0m from now) **
Successfully reverted power plan (GUID: 381b4222-f694-41f0-9685-ff5bb260df2e FriendlyName: 平衡)
// ***** BenchmarkRunner: Finish  *****

// * Export *
  BenchmarkDotNet.Artifacts\results\EventBusBenchmarks-report.csv
  BenchmarkDotNet.Artifacts\results\EventBusBenchmarks-report-github.md
  BenchmarkDotNet.Artifacts\results\EventBusBenchmarks-report.html

// * Detailed results *
EventBusBenchmarks.Publish_CorePipeline: ShortRun(IterationCount=3, LaunchCount=1, WarmupCount=3)
Runtime = .NET 10.0.12 (10.0.12, 10.0.1226.42308), X64 RyuJIT x86-64-v4; GC = Concurrent Workstation
Mean = 308.157 ns, StdErr = 0.810 ns (0.26%), N = 3, StdDev = 1.402 ns
Min = 307.110 ns, Q1 = 307.361 ns, Median = 307.611 ns, Q3 = 308.681 ns, Max = 309.751 ns
IQR = 1.320 ns, LowerFence = 305.381 ns, UpperFence = 310.661 ns
ConfidenceInterval = [282.575 ns; 333.740 ns] (CI 99.9%), Margin = 25.582 ns (8.30% of Mean)
Skewness = 0.33, Kurtosis = 0.67, MValue = 2
-------------------- Histogram --------------------
[305.834 ns ; 311.027 ns) | @@@
---------------------------------------------------

EventBusBenchmarks.Dispatch_SingleInterfaceHandler: ShortRun(IterationCount=3, LaunchCount=1, WarmupCount=3)
Runtime = .NET 10.0.12 (10.0.12, 10.0.1226.42308), X64 RyuJIT x86-64-v4; GC = Concurrent Workstation
Mean = 141.449 ns, StdErr = 4.374 ns (3.09%), N = 3, StdDev = 7.575 ns
Min = 135.114 ns, Q1 = 137.254 ns, Median = 139.394 ns, Q3 = 144.617 ns, Max = 149.840 ns
IQR = 7.363 ns, LowerFence = 126.209 ns, UpperFence = 155.662 ns
ConfidenceInterval = [3.245 ns; 279.653 ns] (CI 99.9%), Margin = 138.204 ns (97.71% of Mean)
Skewness = 0.25, Kurtosis = 0.67, MValue = 2
-------------------- Histogram --------------------
[130.360 ns ; 144.148 ns) | @@
[144.148 ns ; 156.734 ns) | @
---------------------------------------------------

EventBusBenchmarks.Dispatch_DelegateHandler: ShortRun(IterationCount=3, LaunchCount=1, WarmupCount=3)
Runtime = .NET 10.0.12 (10.0.12, 10.0.1226.42308), X64 RyuJIT x86-64-v4; GC = Concurrent Workstation
Mean = 727.619 ns, StdErr = 3.425 ns (0.47%), N = 3, StdDev = 5.933 ns
Min = 723.426 ns, Q1 = 724.225 ns, Median = 725.024 ns, Q3 = 729.716 ns, Max = 734.408 ns
IQR = 5.491 ns, LowerFence = 715.989 ns, UpperFence = 737.952 ns
ConfidenceInterval = [619.382 ns; 835.856 ns] (CI 99.9%), Margin = 108.237 ns (14.88% of Mean)
Skewness = 0.35, Kurtosis = 0.67, MValue = 2
-------------------- Histogram --------------------
[718.027 ns ; 739.807 ns) | @@@
---------------------------------------------------

EventBusBenchmarks.Dispatch_ThreeHandlers: ShortRun(IterationCount=3, LaunchCount=1, WarmupCount=3)
Runtime = .NET 10.0.12 (10.0.12, 10.0.1226.42308), X64 RyuJIT x86-64-v4; GC = Concurrent Workstation
Mean = 2.247 μs, StdErr = 0.121 μs (5.39%), N = 3, StdDev = 0.210 μs
Min = 2.085 μs, Q1 = 2.128 μs, Median = 2.171 μs, Q3 = 2.328 μs, Max = 2.484 μs
IQR = 0.199 μs, LowerFence = 1.829 μs, UpperFence = 2.627 μs
ConfidenceInterval = [-1.583 μs; 6.077 μs] (CI 99.9%), Margin = 3.830 μs (170.43% of Mean)
Skewness = 0.31, Kurtosis = 0.67, MValue = 2
-------------------- Histogram --------------------
[1.937 μs ; 2.319 μs) | @@
[2.319 μs ; 2.675 μs) | @
---------------------------------------------------

EventBusBenchmarks.Registry_GetEventName: ShortRun(IterationCount=3, LaunchCount=1, WarmupCount=3)
Runtime = .NET 10.0.12 (10.0.12, 10.0.1226.42308), X64 RyuJIT x86-64-v4; GC = Concurrent Workstation
Mean = 3.516 ns, StdErr = 0.055 ns (1.55%), N = 3, StdDev = 0.095 ns
Min = 3.409 ns, Q1 = 3.479 ns, Median = 3.549 ns, Q3 = 3.569 ns, Max = 3.590 ns
IQR = 0.090 ns, LowerFence = 3.344 ns, UpperFence = 3.704 ns
ConfidenceInterval = [1.792 ns; 5.240 ns] (CI 99.9%), Margin = 1.724 ns (49.03% of Mean)
Skewness = -0.31, Kurtosis = 0.67, MValue = 2
-------------------- Histogram --------------------
[3.323 ns ; 3.483 ns) | @
[3.483 ns ; 3.676 ns) | @@
---------------------------------------------------

// * Summary *

BenchmarkDotNet v0.15.4, Windows 11 (10.0.26200.9457)
AMD Ryzen 7 250 w/ Radeon 780M Graphics 3.30GHz, 1 CPU, 16 logical and 8 physical cores
.NET SDK 10.0.401
  [Host]   : .NET 10.0.12 (10.0.12, 10.0.1226.42308), X64 RyuJIT x86-64-v4
  ShortRun : .NET 10.0.12 (10.0.12, 10.0.1226.42308), X64 RyuJIT x86-64-v4

Job=ShortRun  IterationCount=3  LaunchCount=1  
WarmupCount=3  

| Method                          | Mean         | Error        | StdDev      | Gen0   | Allocated |
|-------------------------------- |-------------:|-------------:|------------:|-------:|----------:|
| Publish_CorePipeline            |   308.157 ns |    25.582 ns |   1.4022 ns | 0.0734 |     616 B |
| Dispatch_SingleInterfaceHandler |   141.449 ns |   138.204 ns |   7.5754 ns | 0.0582 |     488 B |
| Dispatch_DelegateHandler        |   727.619 ns |   108.237 ns |   5.9328 ns | 0.0525 |     440 B |
| Dispatch_ThreeHandlers          | 2,246.990 ns | 3,829.522 ns | 209.9090 ns | 0.2289 |    1938 B |
| Registry_GetEventName           |     3.516 ns |     1.724 ns |   0.0945 ns |      - |         - |

// * Legends *
  Mean      : Arithmetic mean of all measurements
  Error     : Half of 99.9% confidence interval
  StdDev    : Standard deviation of all measurements
  Gen0      : GC Generation 0 collects per 1000 operations
  Allocated : Allocated memory per single operation (managed only, inclusive, 1KB = 1024B)
  1 ns      : 1 Nanosecond (0.000000001 sec)

// * Diagnostic Output - MemoryDiagnoser *


// ***** BenchmarkRunner: End *****
Run time: 00:00:39 (39.29 sec), executed benchmarks: 5

Global total time: 00:00:56 (56.1 sec), executed benchmarks: 5
// * Artifacts cleanup *
Artifacts cleanup is finished
